<html>
<body>
<pre>
<h1>礦ision Build Log</h1>
<h2>Tool Versions:</h2>
IDE-Version: μVision V5.14.0.0
Copyright (C) 2015 ARM Ltd and ARM Germany GmbH. All rights reserved.
License Information: sd sd, sd, LIC=6XJJJ-U1M3R-NRPXL-0NIJ4-T55IP-JVTZW
 
Tool Versions:
Toolchain:       MDK-ARM Professional  Version: 5.14.0.0
Toolchain Path:  E:\ARM\ARMCC\Bin
C Compiler:      Armcc.exe V5.05 update 1 (build 106)
Assembler:       Armasm.exe V5.05 update 1 (build 106)
Linker/Locator:  ArmLink.exe V5.05 update 1 (build 106)
Library Manager: ArmAr.exe V5.05 update 1 (build 106)
Hex Converter:   FromElf.exe V5.05 update 1 (build 106)
CPU DLL:         SARMCM3.DLL V5.14.0.0
Dialog DLL:      DCM.DLL V1.13.1.0
Target DLL:      STLink\ST-LINKIII-KEIL_SWO.dll V2.0.14.0_KEIL
Dialog DLL:      TCM.DLL V1.14.4.0
 
<h2>Project:</h2>
C:\Users\帅的一笔\Desktop\Speex在STM32F1xx上进行Vocoder演示Lib_V3.5.0\Project\SpeexVocoder_STM32F103-STK\RVMDK\SpeexVocoder_STM32F103-STK.uvproj
Project File Date:  10/13/2018

<h2>Output:</h2>
Build target 'SpeexVocoder_STM32F103-STK'
compiling lcd.c...
compiling main.c...
compiling stm32f10x_it.c...
compiling vocoder.c...
compiling misc.c...
compiling stm32f10x_adc.c...
compiling stm32f10x_flash.c...
compiling stm32f10x_gpio.c...
compiling stm32f10x_rcc.c...
compiling stm32f10x_spi.c...
compiling stm32f10x_tim.c...
compiling stm32f10x_usart.c...
compiling stm32f10x_wwdg.c...
compiling stm32f10x_sdio.c...
compiling stm32f10x_rtc.c...
compiling stm32f10x_pwr.c...
compiling stm32f10x_iwdg.c...
compiling stm32f10x_i2c.c...
compiling stm32f10x_fsmc.c...
compiling stm32f10x_exti.c...
compiling stm32f10x_dma.c...
compiling stm32f10x_dbgmcu.c...
compiling stm32f10x_dac.c...
compiling stm32f10x_crc.c...
compiling stm32f10x_cec.c...
compiling stm32f10x_can.c...
compiling stm32f10x_bkp.c...
assembling startup_stm32f10x_cl.s...
compiling window.c...
compiling bits.c...
compiling exc_10_32_table.c...
compiling gain_table_lbr.c...
compiling lpc.c...
compiling lsp.c...
compiling speex.c...
compiling speex_callbacks.c...
compiling speex_header.c...
compiling modes.c...
compiling nb_celp.c...
compiling quant_lsp.c...
compiling vq.c...
compiling cb_search.c...
compiling filters.c...
compiling ltp.c...
compiling buffer.c...
compiling high_lsp_tables.c...
compiling lsp_tables_nb.c...
compiling core_cm3.c...
compiling system_stm32f10x.c...
compiling delay.c...
compiling sys.c...
compiling usart.c...
linking...
Program Size: Code=29168 RO-data=9848 RW-data=152 ZI-data=11280  
FromELF: creating hex file...
".\obj\SpeexVocoder_STM32F103-STK.axf" - 0 Error(s), 0 Warning(s).
</pre>
</body>
</html>
